[real-web.pro/html/multishop/index.html]
[backblue.gif]
[fade.gif]
[index.html]
[real-web.pro/html/multishop/css/font-awesome.min.css]
[real-web.pro/html/multishop/css/ionicons.min.css]
[real-web.pro/html/multishop/css/bootstrap.css]
[real-web.pro/html/multishop/css/jquery.formstyler.css]
[real-web.pro/html/multishop/css/flexslider.css]
[real-web.pro/html/multishop/css/jquery.fancybox.css]
[real-web.pro/html/multishop/css/ion.rangeSlider.css]
[real-web.pro/html/multishop/css/jquery.mThumbnailScroller.css]
[real-web.pro/html/multishop/css/chosen.css]
[real-web.pro/html/multishop/css/style.css]
[real-web.pro/html/multishop/css/elements.css]
[real-web.pro/html/multishop/css/media.css]
[real-web.pro/html/multishop/css/elements-media.css]
[real-web.pro/html/multishop/img/logo.png]
[real-web.pro/html/multishop/wishlist.html]
[real-web.pro/html/multishop/compare.html]
[real-web.pro/html/multishop/auth.html]
[real-web.pro/html/multishop/cart.html]
[real-web.pro/html/multishop/img/1/other/cart1.jpg]
[real-web.pro/html/multishop/img/1/other/cart2.jpg]
[real-web.pro/html/multishop/img/1/other/cart3.jpg]
[real-web.pro/html/multishop/checkout.html]
[real-web.pro/html/multishop/index-2.html]
[real-web.pro/html/multishop/catalog-gallery.html]
[real-web.pro/html/multishop/catalog-list.html]
[real-web.pro/html/multishop/catalog-gallery-full.html]
[real-web.pro/html/multishop/product.html]
[real-web.pro/html/multishop/elements.html]
[real-web.pro/html/multishop/blog.html]
[real-web.pro/html/multishop/post.html]
[real-web.pro/html/multishop/post-slider.html]
[real-web.pro/html/multishop/about.html]
[real-web.pro/html/multishop/contacts.html]
[real-web.pro/html/multishop/gallery.html]
[real-web.pro/html/multishop/404.html]
[real-web.pro/html/multishop/img/1/front/hero1.jpg]
[real-web.pro/html/multishop/img/1/products/1.jpg]
[real-web.pro/html/multishop/img/1/products/2.jpg]
[real-web.pro/html/multishop/img/1/products/3.jpg]
[real-web.pro/html/multishop/img/1/products/4.jpg]
[real-web.pro/html/multishop/img/1/products/5.jpg]
[real-web.pro/html/multishop/img/1/products/6.jpg]
[real-web.pro/html/multishop/img/1/products/7.jpg]
[real-web.pro/html/multishop/img/1/products/8.jpg]
[real-web.pro/html/multishop/img/1/products/9.jpg]
[real-web.pro/html/multishop/img/1/front/1.png]
[real-web.pro/html/multishop/img/1/front/2.png]
[real-web.pro/html/multishop/img/1/front/3.png]
[real-web.pro/html/multishop/img/1/front/bg1.jpg]
[real-web.pro/html/multishop/img/1/front/bg2.jpg]
[real-web.pro/html/multishop/img/1/front/cat1.png]
[real-web.pro/html/multishop/img/1/front/cat2.png]
[real-web.pro/html/multishop/img/1/front/cat3.png]
[real-web.pro/html/multishop/img/1/front/cat4.png]
[real-web.pro/html/multishop/img/1/front/cat5.png]
[real-web.pro/html/multishop/img/1/front/cat6.png]
[real-web.pro/html/multishop/img/1/front/cat7.png]
[real-web.pro/html/multishop/img/1/product/quickview1-full.jpg]
[real-web.pro/html/multishop/img/1/product/quickview1.jpg]
[real-web.pro/html/multishop/img/1/product/quickview2-full.jpg]
[real-web.pro/html/multishop/img/1/product/quickview2.jpg]
[real-web.pro/html/multishop/img/1/product/quickview3-full.jpg]
[real-web.pro/html/multishop/img/1/product/quickview3.jpg]
[real-web.pro/html/multishop/js/jquery-1.12.3.min.js]
[real-web.pro/html/multishop/js/jquery-plugins.js]
[real-web.pro/html/multishop/js/main.js]
[real-web.pro/html/multishop/1extra/js/jquery-ui.min.js]
[real-web.pro/html/multishop/index.html]
[real-web.pro/html/multishop/fonts/fontawesome-webfont.eot]
[real-web.pro/html/multishop/fonts/fontawesome-webfont.woff2]
[real-web.pro/html/multishop/fonts/fontawesome-webfont.woff]
[mc.yandex.ru/metrika/watch.js]
[real-web.pro/html/multishop/fonts/fontawesome-webfontd41d.eot]
[real-web.pro/html/multishop/fonts/fontawesome-webfont.ttf]
[real-web.pro/html/multishop/fonts/fontawesome-webfont.svg]
[real-web.pro/html/multishop/css/font-awesome.min.css]
[real-web.pro/html/multishop/fonts/ionicons28b5.eot]
[real-web.pro/html/multishop/fonts/ionicons28b5.ttf]
[real-web.pro/html/multishop/fonts/ionicons28b5.woff]
[real-web.pro/html/multishop/css/ionicons.min.css]
[real-web.pro/html/multishop/css/bootstrap.css]
[real-web.pro/html/multishop/css/jquery.formstyler.css]
[real-web.pro/html/multishop/css/flexslider.css]
[real-web.pro/html/multishop/img/fancybox_sprite.png]
[real-web.pro/html/multishop/img/fancybox_loading.gif]
[real-web.pro/html/multishop/fonts/ionicons28b5.svg]
[real-web.pro/html/multishop/img/blank.gif]
[real-web.pro/html/multishop/img/fancybox_sprite@2x.png]
[real-web.pro/html/multishop/img/fancybox_loading@2x.gif]
[real-web.pro/html/multishop/css/jquery.fancybox.css]
[real-web.pro/html/multishop/img/sprite-skin-flat.png]
[real-web.pro/html/multishop/css/ion.rangeSlider.css]
[real-web.pro/html/multishop/css/jquery.mThumbnailScroller.css]
[real-web.pro/html/multishop/img/chosen-sprite.png]
[real-web.pro/html/multishop/css/chosen.css]
[real-web.pro/html/multishop/fonts/MontserratBlack.eot]
[real-web.pro/html/multishop/fonts/MontserratBlackd41d.eot]
[real-web.pro/html/multishop/fonts/MontserratBlack.woff2]
[real-web.pro/html/multishop/fonts/MontserratBlack.woff]
[real-web.pro/html/multishop/fonts/MontserratBlack.svg]
[real-web.pro/html/multishop/img/1/front/hero2.jpg]
[real-web.pro/html/multishop/img/chk1.png]
[real-web.pro/html/multishop/img/radio1.png]
[real-web.pro/html/multishop/img/remove1.png]
[real-web.pro/html/multishop/img/arr1.png]
[real-web.pro/html/multishop/img/added.png]
[real-web.pro/html/multishop/img/close4.png]
[real-web.pro/html/multishop/img/remove.png]
[real-web.pro/html/multishop/img/close3.png]
[real-web.pro/html/multishop/img/zoom.png]
[real-web.pro/html/multishop/img/fancybox-nav.png]
[real-web.pro/html/multishop/css/style.css]
[real-web.pro/html/multishop/img/testimonials-angle1.png]
[real-web.pro/html/multishop/img/testimonials-angle2.png]
[real-web.pro/html/multishop/img/testimonials-angle3.png]
[real-web.pro/html/multishop/img/testimonials-angle4.png]
[real-web.pro/html/multishop/css/elements.css]
[real-web.pro/html/multishop/css/media.css]
[real-web.pro/html/multishop/css/elements-media.css]
[real-web.pro/html/multishop/img/1/products/10.jpg]
[real-web.pro/html/multishop/img/1/products/11.jpg]
[real-web.pro/html/multishop/img/1/products/12.jpg]
[real-web.pro/html/multishop/wishlist.html]
[real-web.pro/html/multishop/compare.html]
[real-web.pro/html/multishop/auth.html]
[real-web.pro/html/multishop/cart.html]
[www.paypalobjects.com/webstatic/ru_RU/mktg/business/pages/logo-center/AM_mc_vs_dc_ae.jpg]
[real-web.pro/html/multishop/checkout.html]
[real-web.pro/html/multishop/img/1/front/helmet.png]
[real-web.pro/html/multishop/img/1/front/bg3.jpg]
[real-web.pro/html/multishop/img/1/user/team1.jpg]
[real-web.pro/html/multishop/img/1/user/team2.jpg]
[real-web.pro/html/multishop/img/1/user/team3.jpg]
[real-web.pro/html/multishop/img/1/user/team4.jpg]
[real-web.pro/html/multishop/index-2.html]
[real-web.pro/html/multishop/catalog-gallery.html]
[real-web.pro/html/multishop/catalog-list.html]
[real-web.pro/html/multishop/catalog-gallery-full.html]
[real-web.pro/html/multishop/img/1/product/prod1-full.jpg]
[real-web.pro/html/multishop/img/1/product/prod1.jpg]
[real-web.pro/html/multishop/img/1/product/prod2-full.jpg]
[real-web.pro/html/multishop/img/1/product/prod2.jpg]
[real-web.pro/html/multishop/img/1/product/bg1.png]
[real-web.pro/html/multishop/img/1/product/bg2.jpg]
[real-web.pro/html/multishop/product.html]
[real-web.pro/html/multishop/img/1/user/team9.jpg]
[real-web.pro/html/multishop/img/1/user/team10.jpg]
[real-web.pro/html/multishop/img/1/user/team7.jpg]
[real-web.pro/html/multishop/img/1/user/team5.jpg]
[real-web.pro/html/multishop/img/1/other/bg-parallax.jpg]
[real-web.pro/html/multishop/img/1/user/team6.jpg]
[real-web.pro/html/multishop/img/1/user/team8.jpg]
[real-web.pro/html/multishop/img/1/user/team11.jpg]
[real-web.pro/html/multishop/img/1/user/team12.jpg]
[real-web.pro/html/multishop/elements.html]
[real-web.pro/html/multishop/img/1/blog/1.jpg]
[real-web.pro/html/multishop/img/1/blog/2.jpg]
[real-web.pro/html/multishop/img/1/blog/3.jpg]
[real-web.pro/html/multishop/img/1/blog/7.jpg]
[real-web.pro/html/multishop/blog.html]
[real-web.pro/html/multishop/img/1/blog/post1.jpg]
[real-web.pro/html/multishop/post.html]
[real-web.pro/html/multishop/img/1/blog/post2.jpg]
[real-web.pro/html/multishop/img/1/blog/post3.jpg]
[real-web.pro/html/multishop/img/1/blog/post4.jpg]
[real-web.pro/html/multishop/post-slider.html]
[real-web.pro/html/multishop/img/1/about/1.jpg]
[real-web.pro/html/multishop/img/1/about/2.jpg]
[real-web.pro/html/multishop/img/1/about/3.jpg]
[real-web.pro/html/multishop/about.html]
[real-web.pro/html/multishop/contacts.html]
[real-web.pro/html/multishop/img/1/gallery/1f.jpg]
[real-web.pro/html/multishop/img/1/gallery/1.jpg]
[real-web.pro/html/multishop/img/1/gallery/2f.jpg]
[real-web.pro/html/multishop/img/1/gallery/2.jpg]
[real-web.pro/html/multishop/img/1/gallery/3f.jpg]
[real-web.pro/html/multishop/img/1/gallery/3.jpg]
[real-web.pro/html/multishop/img/1/gallery/4f.jpg]
[real-web.pro/html/multishop/img/1/gallery/4.jpg]
[real-web.pro/html/multishop/img/1/gallery/5f.jpg]
[real-web.pro/html/multishop/img/1/gallery/5.jpg]
[real-web.pro/html/multishop/img/1/gallery/6f.jpg]
[real-web.pro/html/multishop/img/1/gallery/6.jpg]
[real-web.pro/html/multishop/img/1/gallery/7f.jpg]
[real-web.pro/html/multishop/img/1/gallery/7.jpg]
[real-web.pro/html/multishop/img/1/gallery/8f.jpg]
[real-web.pro/html/multishop/img/1/gallery/8.jpg]
[real-web.pro/html/multishop/img/1/gallery/9f.jpg]
[real-web.pro/html/multishop/img/1/gallery/9.jpg]
[real-web.pro/html/multishop/gallery.html]
[real-web.pro/html/multishop/404.html]
[real-web.pro/html/multishop/js/jquery-1.12.3.min.js]
[real-web.pro/html/multishop/js/jquery-plugins.js]
[real-web.pro/html/multishop/js/main.js]
[real-web.pro/html/multishop/1extra/js/jquery-ui.min.js]
[real-web.pro/html/multishop/fonts/fontawesome-webfont.svg]
[real-web.pro/html/multishop/fonts/ionicons28b5.svg]
[real-web.pro/html/multishop/fonts/MontserratBlack.html]
[real-web.pro/html/multishop/fonts/MontserratBlack.svg]
[pinterest.com/pin/create/button/indexecc6.html]
[real-web.pro/html/multishop/v/index.html]
